// Jest Snapshot v1, https://goo.gl/fbAQLP

exports[`palette should match snapshot 1`] = `
Object {
  "background": "lightgray",
  "error": "darkred",
  "info": "aqua",
  "text": "black",
}
`;
