// Jest Snapshot v1, https://goo.gl/fbAQLP

exports[`Loader.tsx should match snapshot 1`] = `
<body>
  <div>
    <span>
      Loading ...
    </span>
  </div>
</body>
`;
