// Jest Snapshot v1, https://goo.gl/fbAQLP

exports[`InputError.tsx should match snapshot 1`] = `
.c0 {
  font-size: 0.75rem;
  color: darkred;
}

<body>
  <div>
    <div
      class="c0"
    >
      Unexpected error.
    </div>
  </div>
</body>
`;
