// Jest Snapshot v1, https://goo.gl/fbAQLP

exports[`Toolbar.tsx should match snapshot 1`] = `
.c1 {
  display: -webkit-box;
  display: -webkit-flex;
  display: -ms-flexbox;
  display: flex;
  -webkit-align-items: center;
  -webkit-box-align: center;
  -ms-flex-align: center;
  align-items: center;
  -webkit-box-pack: center;
  -webkit-justify-content: center;
  -ms-flex-pack: center;
  justify-content: center;
  padding: 16px 32px;
  cursor: pointer;
  -webkit-appearance: none;
  -moz-appearance: none;
  appearance: none;
  -webkit-text-decoration: none;
  text-decoration: none;
  color: #ffffff;
  font-size: 1rem;
  border: none;
  background-color: #2196f3;
}

.c1:hover {
  -webkit-filter: brightness(85%);
  filter: brightness(85%);
}

.c1:disabled {
  -webkit-filter: initial;
  filter: initial;
  background-color: #efefef;
}

.c2 {
  font-size: 1rem;
  color: #121212;
  padding: 12px;
  border: 1px solid #cccccc;
  background-color: #ffffff;
}

.c2:hover {
  border-color: #121212;
}

.c0 {
  display: -webkit-box;
  display: -webkit-flex;
  display: -ms-flexbox;
  display: flex;
  -webkit-box-pack: justify;
  -webkit-justify-content: space-between;
  -ms-flex-pack: justify;
  justify-content: space-between;
}

<body>
  <div>
    <header
      class="c0"
    >
      <button
        class="c1"
      >
        Sort
      </button>
      <input
        class="c2"
        placeholder="Search..."
      />
    </header>
  </div>
</body>
`;
