// Jest Snapshot v1, https://goo.gl/fbAQLP

exports[`Centered.tsx should match snapshot 1`] = `
.c0 {
  width: 100vw;
  min-height: 100vh;
  display: -webkit-box;
  display: -webkit-flex;
  display: -ms-flexbox;
  display: flex;
  -webkit-align-items: center;
  -webkit-box-align: center;
  -ms-flex-align: center;
  align-items: center;
  -webkit-box-pack: center;
  -webkit-justify-content: center;
  -ms-flex-pack: center;
  justify-content: center;
}

<body>
  <div>
    <section
      class="c0"
    />
  </div>
</body>
`;
