// Jest Snapshot v1, https://goo.gl/fbAQLP

exports[`spacing should match snapshot 1`] = `
Object {
  "0": "0px",
  "12": "12px",
  "16": "16px",
  "2": "2px",
  "20": "20px",
  "24": "24px",
  "32": "32px",
  "4": "4px",
  "8": "8px",
}
`;
